<stabl_multiomic_fit>
  Omics:           11 (cytof_celltype, exvivo_celltype, exvivo_enzyme, 6h_cyto_LPS, 6h_cyto_ssRNA40, 24h_cyto_iRBC, 24h_cyto_SEB, 24h_enzyme_iRBC, 24h_enzyme_SEB, 3d_cyto, 3d_enzyme)
  Per-omic selected features:
    cytof_celltype: 55
    exvivo_celltype: 17
    exvivo_enzyme: 17
    6h_cyto_LPS: 15
    6h_cyto_ssRNA40: 9
    24h_cyto_iRBC: 16
    24h_cyto_SEB: 8
    24h_enzyme_iRBC: 8
    24h_enzyme_SEB: 7
    3d_cyto: 10
    3d_enzyme: 11
  Validation data:  no 
  Early fusion:     no 
  Late fusion:      no 
  Cooperative fusion:
    selection:     cv
    rho (chosen):  0
    selector:      lambda.1se
    type.measure:  deviance
    score:         0.1231
    selected feats: 13 (across views)

